n/1699426586245.jpg
n/d4050a_a6b0adf910f140f9aabb62d2a0c02a73_mv2_7fe9b277-80ce-4fe7-96e6-2c60f01685cb.jpg
n/cc188c604e58cffd36e1d183c7198d21.jpg
n/nature-scenery-beautiful-mountain-wallpaper-wallpaper-preview.jpg
n/nature-scenery-wallpaper-847431-ob0po-fb.jpg
n/8518.jpg_wh1200.jpg
n/878186.jpg
n/1699426586249.jpg
n/1699426586236.jpg
n/cHJpdmF0ZS9sci9pbWFnZXMvd2Vic2l0ZS8yMDIyLTA1L3NrOTc5MS1pbWFnZS1rd3Z1amE5Ni5qcGc.jpg
n/AUfp814G0J.jpg
n/com_.jpg
n/wyoming-scenery-wallpaper-2.jpg
n/Awi1549_wallpaper2.jpg
n/Awi1593_wallpaper2.jpg
n/beautiful-scenery-fabulous-ps1840-small-original-imadyyt7xw4tr2y5.jpg
n/HD-wallpaper-best-nature-views-scenery.jpg
n/Beautiful-lake-scenery-wallpaper-download-beautiful-scenery-wallpaper-desktop-wallpapers-hd-0468-1920x1440.jpg
n/sddefault.jpg
n/large-beautiful-scenery-scenrym-67-original-imag3m8sgy6cjtjm.jpg
n/fantastic-mountain-lake-national-park-260nw-205250962.jpg
n/natural-scenery-pictures-736-x-1308-2yckka60jpvm2q4e.jpg
n/png-transparent-body-of-water-between-mountains-mount-scenery-illustration-small-rivers-and-rivers-scenery-leaf-landscape-computer-wallpaper-thumbnail.png
n/55669.jpg
n/scenery-lake-blue-sky-forest-reflection-scenic-clouds-7680x4320-6639.jpg
n/scenery-body-of-1080x2340-11059.jpg
n/JGtaFx.jpg
n/desktop-wallpaper-beautiful-scenery-group-with-60-items-nice-scenery.jpg
n/large-scenry-22-painting-scenery-tusker-print-original-imafyrz22ue9aw4r.jpg
n/landscape-with-sunset-lake-forest-anime-style_839169-25668.jpg_size=626&ext=jpg&ga=GA1.1.1826414947.jpg
n/beautiful-landscape-paintingoutdoor-scenery-illustration-GJ7FTK.jpg
n/autumn-scenery-lakeside-colourful-forest-reflection-1920x1080-6388.jpg
n/71+B4k+EQIL.jpg
n/rock-massif-in-the-carpathians.jpg
n/pngtree-beautiful-natural-scenery-like-in-a-fairyland-used-as-phone-wallpaper-image_1949463.jpg
n/desktop-wallpaper-most-beautiful-scenery-amazing-beautiful-scenery.jpg
n/nature-farm-scenery-4nho1u78dzvt1meo.jpg
n/beautiful-nature-scenery-847615-82mwn-fb.jpg
n/beautyful-scenery-wallpaper-preview.jpg
n/55667.jpg
n/Y3dAMQ.jpg
n/early-morning-scenery-flowers-blooming-green-grass-spring-concept-generative-ai-technology-free-photo.jpg
n/d4050a_e1788d47bf3345f4896ea728bb3e2d9b_mv2_a51a01a8-fb64-4503-897d-4cb067075e40.jpg
n/5a58b41080754353bea8f8496d799fc5.jpg
n/81AL-qlPd1L.jpg
n/beautiful-nature-scenery-free-photo.jpg
n/beautiful-nature-landscape-drawing-scenery-vector-26876917.jpg
n/fresh-green-paradise-scenery-amazonian-tropical-rainforest-fresh-green-paradise-scenery-amazonian-tropical-rainforest-environment-182013087.jpg
n/8524.jpg_wh1200.jpg
n/beautiful-autumn-scenery-park-beautiful-autumn-scenery-park-outdoor-photography-sunrise-light-101482086.jpg
n/pexels-photo-1266810.jpg
n/beauty-nature-scenery-landscape-background-nature-composition-beautiful-landscape-PA57M3.jpg
n/pexels-photo-1834407.jpeg_cs=srgb&dl=pexels-yaroslav-shuraev-1834407.jpg
n/pngtree-natural-scenery-in-beautiful-valley-image_2394413.jpg
n/360_F_336975809_VvYkV1QZX2E8igeS3kYpcBGiMcK6zWpL.jpg
n/HD-wallpaper-beautiful-scenery-scenery-reflection-lake-forest-hills-fall-colorful-rocks-austria-autumn-beautiful-mountain.jpg
n/1681277871861_0E2CAE65-C1A9-44A9-9D85-ABA2FFC07419__67352.1686997002.jpg
n/beautiful-fall-scenery-forest-painting-free-photo.jpg
n/beautiful-scenery-phragmites-plants-by-sea-with-swimming-pelican-sunset_181624-37787.jpg
n/pexels-photo-1172064.jpg
n/beautiful-scenery-wnxju2647uqrcccv.jpg
n/depositphotos_507989186-stock-photo-colorful-summer-view-fusine-lake.jpg
n/sea-164989_1280.jpg
n/picturesque-autumn-scenery-santa-maddalena-village-church-road-colorful-trees-meadows-foreground-mountain-peaks-159426189.jpg
n/pngtree-natural-wallpaper-a-beautiful-scenery-picture-image_2338158.jpg
n/1644251800945_IMG_9870__2___01446.1646650678.jpg
n/com_.png
n/fantasy-fall-nature-scenery-with-small-house-and-a-tree-free-photo.jpg
n/morning-foggy-nature-river-scenery-in-autumn-free-photo.jpg
n/pexels-photo-206359.jpeg_cs=srgb&dl=pexels-pixabay-206359.jpg
n/whatsapp-image-2022-06-03-at-1-23-04-pm-1-.jpg
n/maxresdefault.jpg
n/taxture-scenery-poster.jpg
n/beautiful-golden-autumn-scenery-trees-golden-leaves-sunshine-scotland-united-kingdom-beautiful-golden-autumn-124278811.jpg
n/relaxing-place-national-5a-scenic-spot-green-mountain-clean-green-freshwater-lake-natural-scenery_327903-961512.jpg_size=626&ext=jpg&ga=GA1.1.1826414947.jpg
n/beautiful-scenery-pictures-ycxy8o2ii84zsgiv.jpg
n/HD-wallpaper-nature-scenery-scenery-nature.jpg
n/lake-5756911_640.jpg
n/autumn-colors-stunning-waterfall-scenery-260nw-2053426847.jpg
n/360_F_292476021_ExMoD8YjMgFVfht8TBQSGFBgvL2DM2MR.jpg
n/HD-wallpaper-scenery-lake-nature-sky-tree-water.jpg
n/mountain-landscape.jpg
n/autumn-forest-landscape-gold-color-260nw-2197363399.jpg
n/depositphotos_88120646-stock-photo-idyllic-summer-landscape-with-clear.jpg
n/3e42d2fb3019006f2527a3754c63f1a9.jpg
n/forest-landscape_71767-127.jpg_size=626&ext=jpg&ga=GA1.1.1413502914.jpg
n/landscape.jpg
n/360_F_568525285_CrGJ8Yh1noTyqu6QsocfVeGQGY91E0Jb.jpg
n/360_F_550617518_Eu3U6kTl3mODPvnfTMFHQ88z1y5KNfNQ.jpg
n/painting-mountain-lake-with-mountain-background_188544-9126.jpg_size=626&ext=jpg&ga=GA1.1.1826414947.jpg
n/aerial-view-of-lake-tahoe-shoreline-with-mountains-and-turquoise-blue-waters.jpg
n/taxture-scenery-poster-500x500.jpg
n/hot-air-balloons-flying-over-the-botan-canyon-in-turkey.jpg
n/0ef1957e-b5e5-4582-9eb0-56b354172169.jpg